A2Data00_20141030_004646.frd    TODO
A2Data00_20141030_012521.frd
A2Data00_20141030_030759.frd
A2Data00_20141030_061045.frd
A2Data00_20141030_063407.frd
A2Data00_20141030_073452.frd
A2Data00_20141030_081926.frd
A2Data00_20141030_090213.frd
A2Data00_20141030_125252.frd    TODO
A2Data00_20141030_132000.frd
A2Data00_20141030_135559.frd
A2Data00_20141030_140223.frd
A2Data00_20141030_143740.frd
A2Data00_20141030_150754.frd
A2Data00_20141030_160936.frd
A2Data00_20141030_172603.frd
A2Data00_20141030_183247.frd
A2Data00_20141030_192444.frd
A2Data00_20141030_220046.frd
A2Data00_20141030_234525.frd
A2Data00_20141031_013243.frd
A2Data00_20141031_035146.frd
A2Data00_20141031_055122.frd
A2Data00_20141031_070416.frd
A2Data00_20141031_084235.frd
A2Data00_20141031_091615.frd
A2Data00_20141031_103108.frd
A2Data00_20141031_130649.frd
A2Data00_20141031_133531.frd
A2Data00_20141031_145122.frd    TODO
A2Data00_20141031_151313.frd
A2Data00_20141031_161642.frd    TODO
A2Data00_20141031_163434.frd    TODO
A2Data00_20141031_230514.frd
A2Data00_20141101_010902.frd
A2Data00_20141101_012959.frd
A2Data00_20141101_015652.frd
A2Data00_20141101_022139.frd
A2Data00_20141101_031013.frd
A2Data00_20141101_034846.frd
A2Data00_20141101_044815.frd
A2Data00_20141101_055659.frd
A2Data00_20141101_063338.frd
A2Data00_20141101_064637.frd
A2Data00_20141101_072340.frd
A2Data00_20141101_075815.frd
A2Data00_20141101_091838.frd
A2Data00_20141101_100454.frd
A2Data00_20141101_102533.frd
A2Data00_20141101_104324.frd
A2Data00_20141101_110130.frd
A2Data00_20141101_111957.frd
A2Data00_20141101_125310.frd
A2Data00_20141101_130540.frd
A2Data00_20141101_144014.frd
A2Data00_20141101_151051.frd
A2Data00_20141101_154501.frd
A2Data00_20141101_161959.frd
A2Data00_20141101_172013.frd
A2Data00_20141101_181143.frd
A2Data00_20141101_200222.frd
A2Data00_20141101_214350.frd
A2Data00_20141101_230455.frd
A2Data00_20141102_001148.frd
A2Data00_20141102_012341.frd
A2Data00_20141102_023405.frd
A2Data00_20141102_034541.frd
A2Data00_20141102_045739.frd
A2Data00_20141102_060812.frd
A2Data00_20141102_073201.frd
A2Data00_20141102_084415.frd
A2Data00_20141102_100358.frd
A2Data00_20141102_152802.frd
A2Data00_20141102_165129.frd
A2Data00_20141102_180452.frd
A2Data00_20141102_192041.frd
A2Data00_20141102_195358.frd    TODO
A2Data00_20141102_212948.frd
A2Data00_20141102_213218.frd
A2Data00_20141102_225118.frd
A2Data00_20141103_001532.frd
A2Data00_20141103_012531.frd
A2Data00_20141103_023636.frd
A2Data00_20141103_035014.frd
A2Data00_20141103_050150.frd
A2Data00_20141103_062524.frd
A2Data00_20141103_075117.frd
A2Data00_20141103_090656.frd
A2Data00_20141103_102026.frd
A2Data00_20141103_111539.frd
A2Data00_20141103_123127.frd
A2Data00_20141103_132826.frd
A2Data00_20141103_143836.frd
A2Data00_20141103_151048.frd
A2Data00_20141103_181342.frd
A2Data00_20141103_203013.frd    TODO
A2Data00_20141103_211440.frd    TODO
A2Data00_20141103_222711.frd    TODO
A2Data00_20141103_230558.frd    TODO
A2Data00_20141104_002814.frd
A2Data00_20141104_013042.frd
A2Data00_20141104_022934.frd
A2Data00_20141104_033622.frd
A2Data00_20141104_053620.frd
A2Data00_20141104_065150.frd
A2Data00_20141104_081908.frd
A2Data00_20141104_095554.frd
A2Data00_20141104_111214.frd
A2Data00_20141104_132100.frd
A2Data00_20141104_135056.frd
A2Data00_20141104_153946.frd
A2Data00_20141104_164729.frd
A2Data00_20141104_170844.frd    TODO
A2Data00_20141104_172432.frd
A2Data00_20141104_184215.frd
A2Data00_20141104_210741.frd
A2Data00_20141104_234208.frd
A2Data00_20141105_010124.frd
A2Data00_20141105_020527.frd
A2Data00_20141105_034456.frd
A2Data00_20141105_052238.frd
A2Data00_20141105_070638.frd
A2Data00_20141105_084921.frd
A2Data00_20141105_092121.frd
A2Data00_20141105_104709.frd
A2Data00_20141105_121308.frd
A2Data00_20141105_133911.frd
A2Data00_20141105_150832.frd
A2Data00_20141105_171958.frd
A2Data00_20141105_173255.frd
A2Data00_20141105_190544.frd
A2Data00_20141105_204107.frd    TODO
A2Data00_20141105_221815.frd    TODO
A2Data00_20141105_234742.frd    TODO
A2Data00_20141106_010306.frd    TODO
A2Data00_20141106_022900.frd    TODO
A2Data00_20141106_034202.frd    TODO
A2Data00_20141106_045827.frd    TODO
A2Data00_20141106_061124.frd    TODO
A2Data00_20141106_072147.frd    TODO
A2Data00_20141106_084519.frd
A2Data00_20141106_101123.frd
A2Data00_20141106_112923.frd
A2Data00_20141106_125343.frd
A2Data00_20141106_141222.frd
A2Data00_20141106_162148.frd
A2Data00_20141106_174116.frd
A2Data00_20141106_183229.frd
A2Data00_20141106_203806.frd
A2Data00_20141106_213845.frd
A2Data00_20141107_001356.frd
A2Data00_20141107_021717.frd
A2Data00_20141107_043823.frd    TODO
A2Data00_20141107_140416.frd
A2Data00_20141107_140519.frd
A2Data00_20141107_160246.frd    TODO
A2Data00_20141107_171816.frd    TODO
A2Data00_20141107_181256.frd
A2Data00_20141107_212911.frd
A2Data00_20141107_231913.frd
A2Data00_20141108_013813.frd
A2Data00_20141108_035517.frd
A2Data00_20141108_061151.frd
A2Data00_20141108_082903.frd
A2Data00_20141108_104318.frd
A2Data00_20141108_132235.frd
A2Data00_20141108_141724.frd
A2Data00_20141108_163102.frd
A2Data00_20141108_174841.frd
A2Data00_20141108_185008.frd
A2Data00_20141108_192358.frd
A2Data00_20141108_202955.frd
A2Data00_20141108_205516.frd
A2Data00_20141108_212504.frd
A2Data00_20141108_235244.frd
A2Data00_20141109_004447.frd    TODO
A2Data00_20141109_012403.frd    TODO
A2Data00_20141109_024222.frd    TODO
A2Data00_20141109_032707.frd    TODO
A2Data00_20141109_041532.frd    TODO
A2Data00_20141109_063443.frd
A2Data00_20141109_073332.frd
A2Data00_20141109_084316.frd
A2Data00_20141109_095931.frd
A2Data00_20141109_122829.frd
A2Data00_20141109_144419.frd
A2Data00_20141109_161924.frd
A2Data00_20141109_183353.frd
A2Data00_20141109_191315.frd
A2Data00_20141109_194619.frd
A2Data00_20141109_201707.frd
A2Data00_20141109_203539.frd
A2Data00_20141109_205915.frd
A2Data00_20141109_211228.frd
A2Data00_20141109_212420.frd
A2Data00_20141109_213615.frd
A2Data00_20141109_214724.frd
A2Data00_20141109_215836.frd
A2Data00_20141109_220901.frd
A2Data00_20141109_222026.frd
A2Data00_20141109_223819.frd
A2Data00_20141110_021410.frd
A2Data00_20141110_042803.frd
A2Data00_20141110_064548.frd
A2Data00_20141110_085510.frd
A2Data00_20141110_110249.frd
A2Data00_20141110_134337.frd    TODO
A2Data00_20141110_142040.frd
A2Data00_20141110_172433.frd
A2Data00_20141110_183014.frd
A2Data00_20141110_192730.frd
A2Data00_20141110_204653.frd
A2Data00_20141110_215619.frd
A2Data00_20141110_223922.frd
A2Data00_20141110_230714.frd
A2Data00_20141111_003620.frd
A2Data00_20141111_022025.frd
A2Data00_20141111_032003.frd
A2Data00_20141111_035753.frd
A2Data00_20141111_043202.frd
A2Data00_20141111_050802.frd
A2Data00_20141111_053825.frd
A2Data00_20141111_062706.frd
A2Data00_20141111_070456.frd    TODO
A2Data00_20141111_091306.frd    TODO
A2Data00_20141111_112039.frd
A2Data00_20141111_123417.frd
A2Data00_20141111_155115.frd    TODO
A2Data00_20141112_210601.frd
A2Data00_20141112_211930.frd
A2Data00_20141113_002819.frd
A2Data00_20141113_030148.frd
A2Data00_20141113_033736.frd
A2Data00_20141113_040201.frd
A2Data00_20141113_043455.frd
A2Data00_20141113_044739.frd
A2Data00_20141113_050534.frd
A2Data00_20141113_053728.frd
A2Data00_20141113_054619.frd
A2Data00_20141113_065937.frd
A2Data00_20141113_074044.frd
A2Data00_20141113_090435.frd
A2Data00_20141113_094258.frd
A2Data00_20141113_102956.frd
A2Data00_20141113_105011.frd    TODO
A2Data00_20141113_121156.frd
A2Data00_20141113_141108.frd
A2Data00_20141113_154541.frd
A2Data00_20141113_163442.frd
A2Data00_20141113_171307.frd
A2Data00_20141113_173753.frd
A2Data00_20141113_190345.frd
A2Data00_20141113_191738.frd
A2Data00_20141113_224235.frd
A2Data00_20141113_225344.frd
A2Data00_20141113_231234.frd
A2Data00_20141113_232213.frd    TODO
A2Data00_20141113_233912.frd
A2Data00_20141113_234944.frd
A2Data00_20141114_000217.frd
A2Data00_20141114_003834.frd
A2Data00_20141114_005938.frd
A2Data00_20141114_034531.frd
A2Data00_20141114_064000.frd
A2Data00_20141114_064831.frd    TODO
A2Data00_20141114_082106.frd
A2Data00_20141114_124635.frd    TODO
A2Data00_20141114_142556.frd
A2Data00_20141114_142921.frd
A2Data00_20141114_143305.frd
A2Data00_20141114_160557.frd
A2Data00_20141114_170036.frd
A2Data00_20141114_193434.frd
A2Data00_20141114_201147.frd
A2Data00_20141114_205515.frd    TODO
A2Data00_20141114_214517.frd
A2Data00_20141114_221822.frd
A2Data00_20141114_224124.frd
A2Data00_20141114_231755.frd
A2Data00_20141115_001935.frd
A2Data00_20141115_005201.frd
A2Data00_20141115_012343.frd
A2Data00_20141115_020255.frd
A2Data00_20141115_023824.frd
A2Data00_20141115_031359.frd
A2Data00_20141115_035620.frd
A2Data00_20141115_042530.frd
A2Data00_20141115_044849.frd
A2Data00_20141115_050911.frd
A2Data00_20141115_054641.frd
A2Data00_20141115_062522.frd
A2Data00_20141115_090724.frd
A2Data00_20141115_093720.frd
A2Data00_20141115_100701.frd
A2Data00_20141115_103259.frd
A2Data00_20141115_112902.frd
A2Data00_20141115_131911.frd
A2Data00_20141115_134904.frd
A2Data00_20141115_143757.frd
A2Data00_20141115_150159.frd
A2Data00_20141115_162554.frd
A2Data00_20141115_165619.frd
A2Data00_20141115_171750.frd
A2Data00_20141115_174103.frd
A2Data00_20141115_180052.frd
A2Data00_20141115_181526.frd
A2Data00_20141115_183032.frd
A2Data00_20141115_201824.frd
A2Data00_20141115_230729.frd
A2Data00_20141116_005755.frd
A2Data00_20141116_032014.frd
A2Data00_20141116_053758.frd
A2Data00_20141116_075731.frd
A2Data00_20141116_101322.frd
A2Data00_20141116_112518.frd
A2Data00_20141116_115528.frd
A2Data00_20141116_122748.frd
A2Data00_20141116_145533.frd
A2Data00_20141116_152734.frd
A2Data00_20141116_155046.frd
A2Data00_20141116_162628.frd    TODO
A2Data00_20141116_181300.frd    TODO
A2Data00_20141116_190644.frd
A2Data00_20141116_195214.frd
A2Data00_20141116_204205.frd
A2Data00_20141116_212436.frd
A2Data00_20141116_222429.frd
A2Data00_20141116_225517.frd
A2Data00_20141116_234958.frd
A2Data00_20141117_003006.frd
A2Data00_20141117_005720.frd
A2Data00_20141117_010628.frd
A2Data00_20141117_012306.frd
A2Data00_20141117_013606.frd    TODO
A2Data00_20141117_014043.frd
A2Data00_20141117_021212.frd    TODO
A2Data00_20141117_021644.frd
A2Data00_20141117_024018.frd
A2Data00_20141117_030059.frd    TODO
A2Data00_20141117_031139.frd
A2Data00_20141117_033834.frd
A2Data00_20141117_041242.frd
A2Data00_20141117_051723.frd
A2Data00_20141117_061802.frd
A2Data00_20141117_070554.frd
A2Data00_20141117_092252.frd
A2Data00_20141117_094737.frd    TODO
A2Data00_20141117_100818.frd
A2Data00_20141117_104035.frd
A2Data00_20141117_110130.frd
A2Data00_20141117_111959.frd
A2Data00_20141117_114129.frd
A2Data00_20141117_115521.frd
A2Data00_20141117_121906.frd    TODO
A2Data00_20141117_122427.frd    TODO
A2Data00_20141117_123253.frd    TODO
A2Data00_20141117_124345.frd    TODO
A2Data00_20141117_125703.frd    TODO
A2Data00_20141117_133045.frd
A2Data00_20141117_135210.frd
A2Data00_20141117_141707.frd
A2Data00_20141117_144207.frd
A2Data00_20141117_145115.frd
A2Data00_20141117_150146.frd
A2Data00_20141117_210830.frd
A2Data00_20141117_214147.frd
A2Data00_20141117_223715.frd    TODO
A2Data00_20141117_235051.frd    TODO
A2Data00_20141118_010727.frd
A2Data00_20141118_012604.frd
A2Data00_20141118_025938.frd
A2Data00_20141118_033426.frd
A2Data00_20141118_040705.frd
A2Data00_20141118_043545.frd
A2Data00_20141118_052447.frd
A2Data00_20141118_060315.frd
A2Data00_20141118_064446.frd
A2Data00_20141118_072601.frd
A2Data00_20141118_074850.frd
A2Data00_20141118_081221.frd    TODO
A2Data00_20141118_090147.frd    TODO
A2Data00_20141118_092522.frd    TODO
A2Data00_20141118_093815.frd
A2Data00_20141118_110153.frd
A2Data00_20141118_120306.frd
A2Data00_20141118_124521.frd    TODO
A2Data00_20141118_132253.frd
A2Data00_20141118_135009.frd    TODO
A2Data00_20141118_151832.frd
A2Data00_20141118_154848.frd
A2Data00_20141118_160033.frd
A2Data00_20141118_163049.frd    TODO
A2Data00_20141118_175216.frd
A2Data00_20141118_181842.frd
A2Data00_20141118_202446.frd
A2Data00_20141118_214521.frd
A2Data00_20141118_222051.frd
A2Data00_20141119_000435.frd    TODO
